// Jest Snapshot v1, https://goo.gl/fbAQLP

exports[`My Connected React-Redux Component should render with given state from Redux store 1`] = `
<div
  className="container"
>
  <h3
    data-testid="quiz-form-heading"
  >
    Select quiz category and difficult level
  </h3>
  <form
    encType="multipart/form-data"
    id="myForm"
    name="myForm"
    onSubmit={[Function]}
  >
    <label>
      1- Select a category
    </label>
     
    <br />
    <select
      id="categories"
      name="category"
      style={
        Object {
          "width": "47%",
        }
      }
    />
     
    <br />
    <label>
      2- Select a difficulty level
    </label>
     
    <br />
    <select
      name="difficulty"
      style={
        Object {
          "width": "47%",
        }
      }
    >
      <option
        value="easy"
      >
        Easy
      </option>
      <option
        value="medium"
      >
        Medium
      </option>
      <option
        value="hard"
      >
        Hard
      </option>
    </select>
    <br />
    <label>
      3- Select number of questions.
    </label>
     
    <br />
    <input
      className="form-control"
      name="noofquestions"
      placeholder="Number of questions"
      required={true}
      style={
        Object {
          "margin": "0 auto",
          "width": "47%",
        }
      }
      type="number"
    />
    <br />
    <button
      className="btn btn-primary"
      data-testid="form-submit-btn"
      type="submit"
    >
       
      Submit
       
    </button>
  </form>
</div>
`;
